Last login: Mon Mar 28 20:00:53 on ttys008
ethandraper@Ethans-MacBook-Air ~ % sudo python fslinstaller.py
Password:
/Library/Frameworks/Python.framework/Versions/2.7/Resources/Python.app/Contents/MacOS/Python: can't open file 'fslinstaller.py': [Errno 2] No such file or directory
ethandraper@Ethans-MacBook-Air ~ % sudo /usr/bin/python2.7 fslinstaller.py
sudo: /usr/bin/python2.7: command not found
ethandraper@Ethans-MacBook-Air ~ % /usr/bin/python fslinstaller.py
zsh: no such file or directory: /usr/bin/python
ethandraper@Ethans-MacBook-Air ~ % bash

The default interactive shell is now zsh.
To update your account to use zsh, please run `chsh -s /bin/zsh`.
For more details, please visit https://support.apple.com/kb/HT208050.
bash-3.2$ /usr/bin/python fslinstaller.py
bash: /usr/bin/python: No such file or directory
bash-3.2$ sudo /usr/bin/python2.7 fslinstaller.py
sudo: /usr/bin/python2.7: command not found
bash-3.2$ echo python
python
bash-3.2$ python fslinstaller.py
/Library/Frameworks/Python.framework/Versions/2.7/Resources/Python.app/Contents/MacOS/Python: can't open file 'fslinstaller.py': [Errno 2] No such file or directory
bash-3.2$ cd ~/Downloads
bash-3.2$ python fslinstaller.py
--- FSL Installer - Version 3.1.0 ---
[Warning] Some operations of the installer require administative rights,
    for example installing into the default folder of /usr/local.
    If your account is an 'Administrator' (you have 'sudo' rights)
    then you will be prompted for your administrator password
    when necessary.
When asked a question, the default answer is given in square brackets.
Hit the Enter key to accept this default answer.
[FAILED] [SSL: CERTIFICATE_VERIFY_FAILED] certificate verify failed (_ssl.c:727)
bash-3.2$ sudo /usr/bin/python2.7 fslinstaller.py
sudo: /usr/bin/python2.7: command not found
bash-3.2$ which python2.7
/Library/Frameworks/Python.framework/Versions/2.7/bin/python2.7
bash-3.2$ sudo /Library/Frameworks/Python.framework/Versions/2.7/bin/python2.7 fslinstaller.py
--- FSL Installer - Version 3.1.0 ---
When asked a question, the default answer is given in square brackets.
Hit the Enter key to accept this default answer.
[FAILED] [SSL: CERTIFICATE_VERIFY_FAILED] certificate verify failed (_ssl.c:727)
bash-3.2$ 
